
============================================================
   Conflict Genesis - API Key Diagnostic Test
============================================================

============================================================
[TEST] Primary (workflow)
   Key: AIzaSyApMiwmJpbo0vX5...d4Tk
============================================================
   Sending test request...
   [OK] Success! Response: Hello, API works!...

============================================================
[TEST] Backup (env)
   Key: AIzaSyAL0_cJPEpN9hWB...01ks
============================================================
   Sending test request...
   [OK] Success! Response: Hello, API works!...

============================================================
[TEST] Backup 2
   Key: AIzaSyACKhhmtMMjdOrj...Wxkc
============================================================
   Sending test request...
   [FAIL] Error: ClientError: 403 PERMISSION_DENIED. {'error': {'code': 403, 'message': "Permission denied: Consumer 'api_key:AIzaSyACKhhmtMMjdOrjP1o7H9ZoFl5vSt_Wxkc' has been suspended.", 'status': 'PERMISSION_DENIED', 'details':

============================================================
[TEST] ConflictAnalyzer Initialization
============================================================
   [FAIL] Init failed: UnicodeEncodeError: 'cp950' codec can't encode character '\U0001f4cd' in position 0: illegal multibyte sequence

============================================================
SUMMARY
============================================================
   [OK]   - Primary (workflow)
   [OK]   - Backup (env)
   [FAIL] - Backup 2
   [FAIL] - ConflictAnalyzer
============================================================
[WARNING] Some tests failed. Check API Key or network.
